<?xml version="1.0" encoding="UTF-8"?>
<testsuites>
    <testsuite name="logging-in-to-einstein-exchange;successful-login" tests="3" failures="0" skipped="0">
        <properties>
            <property name="@login" value="true">
            </property>
            <property name="URI" value="/Users/misty/Post-Bootcamp/einstein/features/einstein-login.feature">
            </property>
        </properties>
        <testcase name="Given that I am on the login page" classname="logging-in-to-einstein-exchange;successful-login" time="8.348892637">
        </testcase>
        <testcase name="When I log in with valid credentials" classname="logging-in-to-einstein-exchange;successful-login" time="2.7923384">
        </testcase>
        <testcase name="Then I should see my email in the top right corner of the page" classname="logging-in-to-einstein-exchange;successful-login" time="7.049071725">
        </testcase>
    </testsuite>
    <testsuite name="logging-in-to-einstein-exchange;log-out-from-dashboard" tests="3" failures="0" skipped="0">
        <properties>
            <property name="@logout" value="true">
            </property>
            <property name="URI" value="/Users/misty/Post-Bootcamp/einstein/features/einstein-login.feature">
            </property>
        </properties>
        <testcase name="Given that I am logged in" classname="logging-in-to-einstein-exchange;log-out-from-dashboard" time="9.284497758">
        </testcase>
        <testcase name="When I select sign out from the dropdown menu" classname="logging-in-to-einstein-exchange;log-out-from-dashboard" time="4.51620254">
        </testcase>
        <testcase name="Then I should be redirected to the home page" classname="logging-in-to-einstein-exchange;log-out-from-dashboard" time="0.012193266">
        </testcase>
    </testsuite>
    <testsuite name="logging-in-to-einstein-exchange;unsuccessful-login" tests="3" failures="0" skipped="0">
        <properties>
            <property name="@invalid" value="true">
            </property>
            <property name="URI" value="/Users/misty/Post-Bootcamp/einstein/features/einstein-login.feature">
            </property>
        </properties>
        <testcase name="Given that I am on the login page" classname="logging-in-to-einstein-exchange;unsuccessful-login" time="6.682739756">
        </testcase>
        <testcase name="When I attempt to log in with an invalid password" classname="logging-in-to-einstein-exchange;unsuccessful-login" time="2.482234217">
        </testcase>
        <testcase name="Then I should see the error message &quot;Wrong username or password.&quot;" classname="logging-in-to-einstein-exchange;unsuccessful-login" time="0.7861442">
        </testcase>
    </testsuite>
</testsuites>